[thememakker.com/templates/infinio/html/light/index.html]
[backblue.gif]
[fade.gif]
[index.html]
[thememakker.com/templates/infinio/html/light/favicon.ico]
[thememakker.com/templates/infinio/html/assets/images/xs/avatar5.jpg]
[thememakker.com/templates/infinio/html/assets/images/xs/avatar6.jpg]
[thememakker.com/templates/infinio/html/assets/images/xs/avatar3.jpg]
[thememakker.com/templates/infinio/html/assets/images/xs/avatar4.jpg]
[thememakker.com/templates/infinio/html/assets/images/xs/avatar8.jpg]
[thememakker.com/templates/infinio/html/light/mail-inbox.html]
[thememakker.com/templates/infinio/html/light/contact.html]
[thememakker.com/templates/infinio/html/light/chat.html]
[thememakker.com/templates/infinio/html/light/teams-board.html]
[thememakker.com/templates/infinio/html/light/projects.html]
[thememakker.com/templates/infinio/html/light/events.html]
[thememakker.com/templates/infinio/html/assets/images/profile_av.jpg]
[thememakker.com/templates/infinio/html/light/profile.html]
[thememakker.com/templates/infinio/html/light/locked.html]
[thememakker.com/templates/infinio/html/light/sign-in.html]
[thememakker.com/templates/infinio/html/light/file-dashboard.html]
[thememakker.com/templates/infinio/html/light/blog-dashboard.html]
[thememakker.com/templates/infinio/html/light/app-ticket.html]
[thememakker.com/templates/infinio/html/light/taskboard.html]
[thememakker.com/templates/infinio/html/light/ec-dashboard.html]
[thememakker.com/templates/infinio/html/light/ec-product.html]
[thememakker.com/templates/infinio/html/light/ec-product-detail.html]
[thememakker.com/templates/infinio/html/light/ec-product-List.html]
[thememakker.com/templates/infinio/html/light/ec-product-order.html]
[thememakker.com/templates/infinio/html/light/ec-product-cart.html]
[thememakker.com/templates/infinio/html/light/ec-checkout.html]
[thememakker.com/templates/infinio/html/light/ui-kit.html]
[thememakker.com/templates/infinio/html/light/ui-alerts.html]
[thememakker.com/templates/infinio/html/light/ui-collapse.html]
[thememakker.com/templates/infinio/html/light/ui-colors.html]
[thememakker.com/templates/infinio/html/light/ui-dialogs.html]
[thememakker.com/templates/infinio/html/light/ui-icons.html]
[thememakker.com/templates/infinio/html/light/ui-listgroup.html]
[thememakker.com/templates/infinio/html/light/ui-mediaobject.html]
[thememakker.com/templates/infinio/html/light/ui-modals.html]
[thememakker.com/templates/infinio/html/light/ui-notifications.html]
[thememakker.com/templates/infinio/html/light/ui-progressbars.html]
[thememakker.com/templates/infinio/html/light/ui-rangesliders.html]
[thememakker.com/templates/infinio/html/light/ui-sortablenestable.html]
[thememakker.com/templates/infinio/html/light/ui-tabs.html]
[thememakker.com/templates/infinio/html/light/ui-waves.html]
[thememakker.com/templates/infinio/html/light/form-basic.html]
[thememakker.com/templates/infinio/html/light/form-advanced.html]
[thememakker.com/templates/infinio/html/light/form-examples.html]
[thememakker.com/templates/infinio/html/light/form-validation.html]
[thememakker.com/templates/infinio/html/light/form-wizard.html]
[thememakker.com/templates/infinio/html/light/form-editors.html]
[thememakker.com/templates/infinio/html/light/form-upload.html]
[thememakker.com/templates/infinio/html/light/form-img-cropper.html]
[thememakker.com/templates/infinio/html/light/form-summernote.html]
[thememakker.com/templates/infinio/html/light/table-normal.html]
[thememakker.com/templates/infinio/html/light/table-jquerydatatable.html]
[thememakker.com/templates/infinio/html/light/table-editable.html]
[thememakker.com/templates/infinio/html/light/table-color.html]
[thememakker.com/templates/infinio/html/light/table-filter.html]
[thememakker.com/templates/infinio/html/light/morris.html]
[thememakker.com/templates/infinio/html/light/flot.html]
[thememakker.com/templates/infinio/html/light/chartjs.html]
[thememakker.com/templates/infinio/html/light/sparkline.html]
[thememakker.com/templates/infinio/html/light/jquery-knob.html]
[thememakker.com/templates/infinio/html/light/widgets-app.html]
[thememakker.com/templates/infinio/html/light/widgets-data.html]
[thememakker.com/templates/infinio/html/light/widgets-chart.html]
[thememakker.com/templates/infinio/html/light/sign-up.html]
[thememakker.com/templates/infinio/html/light/forgot-password.html]
[thememakker.com/templates/infinio/html/light/404.html]
[thememakker.com/templates/infinio/html/light/403.html]
[thememakker.com/templates/infinio/html/light/500.html]
[thememakker.com/templates/infinio/html/light/503.html]
[thememakker.com/templates/infinio/html/light/page-offline.html]
[thememakker.com/templates/infinio/html/light/blank.html]
[thememakker.com/templates/infinio/html/light/image-gallery.html]
[thememakker.com/templates/infinio/html/light/timeline.html]
[thememakker.com/templates/infinio/html/light/horizontal-timeline.html]
[thememakker.com/templates/infinio/html/light/pricing.html]
[thememakker.com/templates/infinio/html/light/invoices.html]
[thememakker.com/templates/infinio/html/light/faqs.html]
[thememakker.com/templates/infinio/html/light/search-results.html]
[thememakker.com/templates/infinio/html/light/helper-class.html]
[thememakker.com/templates/infinio/html/light/map-google.html]
[thememakker.com/templates/infinio/html/light/map-yandex.html]
[thememakker.com/templates/infinio/html/light/map-jvectormap.html]
[thememakker.com/templates/infinio/html/assets/images/xs/avatar2.jpg]
[thememakker.com/templates/infinio/html/assets/images/xs/avatar1.jpg]
[thememakker.com/templates/infinio/html/light/assets/bundles/libscripts.bundle.js]
[thememakker.com/templates/infinio/html/light/assets/bundles/vendorscripts.bundle.js]
[thememakker.com/templates/infinio/html/light/assets/bundles/morrisscripts.bundle.js]
[thememakker.com/templates/infinio/html/light/assets/bundles/jvectormap.bundle.js]
[thememakker.com/templates/infinio/html/light/assets/bundles/knob.bundle.js]
[thememakker.com/templates/infinio/html/light/assets/bundles/mainscripts.bundle.js]
[thememakker.com/templates/infinio/html/light/assets/js/pages/widgets/infobox/infobox-1.js]
[thememakker.com/templates/infinio/html/light/assets/js/pages/index.js]
[thememakker.com/templates/infinio/html/light/index.html]
[thememakker.com/templates/infinio/html/assets/plugins/bootstrap/css/bootstrap.min.css]
[thememakker.com/templates/infinio/html/assets/plugins/jvectormap/jquery-jvectormap-2.0.3.min.css]
[thememakker.com/templates/infinio/html/assets/plugins/morrisjs/morris.min.css]
[thememakker.com/templates/infinio/html/light/assets/fonts/Material-Design-Iconic-Fontd1f1.woff2]
[thememakker.com/templates/infinio/html/light/assets/fonts/Material-Design-Iconic-Fontd1f1.woff]
[thememakker.com/templates/infinio/html/light/assets/fonts/Material-Design-Iconic-Fontd1f1.ttf]
[thememakker.com/templates/infinio/html/light/assets/css/main.css]
[thememakker.com/templates/infinio/html/light/assets/css/color_skins.css]
[thememakker.com/templates/infinio/html/light/mail-compose.html]
[thememakker.com/templates/infinio/html/light/mail-single.html]
[thememakker.com/templates/infinio/html/assets/images/xs/avatar7.jpg]
[thememakker.com/templates/infinio/html/assets/images/xs/avatar9.jpg]
[thememakker.com/templates/infinio/html/assets/images/xs/avatar10.jpg]
[thememakker.com/templates/infinio/html/light/mail-inbox.html]
[thememakker.com/templates/infinio/html/assets/images/sm/avatar1.jpg]
[thememakker.com/templates/infinio/html/assets/images/sm/avatar2.jpg]
[thememakker.com/templates/infinio/html/assets/images/sm/avatar3.jpg]
[thememakker.com/templates/infinio/html/assets/images/sm/avatar4.jpg]
[thememakker.com/templates/infinio/html/assets/images/sm/avatar5.jpg]
[thememakker.com/templates/infinio/html/assets/images/sm/avatar6.jpg]
[thememakker.com/templates/infinio/html/light/assets/bundles/easypiechart.bundle.js]
[thememakker.com/templates/infinio/html/light/contact.html]
[thememakker.com/templates/infinio/html/light/chat.html]
[thememakker.com/templates/infinio/html/light/teams-board.html]
[thememakker.com/templates/infinio/html/light/projects.html]
[thememakker.com/templates/infinio/html/light/assets/bundles/fullcalendarscripts.bundle.js]
[thememakker.com/templates/infinio/html/light/assets/js/pages/calendar/calendar.js]
[thememakker.com/templates/infinio/html/light/events.html]
[thememakker.com/templates/infinio/html/light/blog-post.html]
[thememakker.com/templates/infinio/html/light/blog-details.html]
[thememakker.com/templates/infinio/html/assets/images/image1.jpg]
[thememakker.com/templates/infinio/html/light/assets/js/pages/charts/jquery-knob.js]
[thememakker.com/templates/infinio/html/light/assets/js/pages/profile.js]
[thememakker.com/templates/infinio/html/light/profile.html]
[thememakker.com/templates/infinio/html/assets/plugins/particles-js/particles.min.js]
[thememakker.com/templates/infinio/html/assets/plugins/particles-js/particles.js]
[thememakker.com/templates/infinio/html/light/locked.html]
[thememakker.com/templates/infinio/html/light/sign-in.html]
[thememakker.com/templates/infinio/html/assets/images/image-gallery/1.jpg]
[thememakker.com/templates/infinio/html/assets/images/image-gallery/3.jpg]
[thememakker.com/templates/infinio/html/assets/images/image-gallery/2.jpg]
[thememakker.com/templates/infinio/html/assets/images/image-gallery/8.jpg]
[thememakker.com/templates/infinio/html/assets/images/image-gallery/4.jpg]
[thememakker.com/templates/infinio/html/assets/images/image-gallery/5.jpg]
[thememakker.com/templates/infinio/html/assets/images/image-gallery/9.jpg]
[thememakker.com/templates/infinio/html/light/assets/js/pages/file/filemanager.js]
[thememakker.com/templates/infinio/html/light/file-dashboard.html]
[thememakker.com/templates/infinio/html/light/blog-list.html]
[thememakker.com/templates/infinio/html/light/blog-grid.html]
[thememakker.com/templates/infinio/html/assets/images/blog/blog-page-4.jpg]
[thememakker.com/templates/infinio/html/assets/images/blog/blog-page-3.jpg]
[thememakker.com/templates/infinio/html/assets/images/blog/blog-page-2.jpg]
[thememakker.com/templates/infinio/html/assets/plugins/jvectormap/jquery-jvectormap-us-aea-en.js]
[thememakker.com/templates/infinio/html/light/assets/js/pages/blog/blog.js]
[thememakker.com/templates/infinio/html/light/blog-dashboard.html]
[thememakker.com/templates/infinio/html/light/assets/bundles/datatablescripts.bundle.js]
[thememakker.com/templates/infinio/html/assets/plugins/jquery-knob/jquery.knob.min.js]
[thememakker.com/templates/infinio/html/light/assets/js/pages/tables/jquery-datatable.js]
[thememakker.com/templates/infinio/html/light/app-ticket.html]
[thememakker.com/templates/infinio/html/assets/plugins/nestable/jquery.nestable.js]
[thememakker.com/templates/infinio/html/light/assets/js/pages/ui/sortable-nestable.js]
[thememakker.com/templates/infinio/html/light/taskboard.html]
[thememakker.com/templates/infinio/html/assets/images/lg/avatar3.jpg]
[thememakker.com/templates/infinio/html/light/assets/bundles/flotscripts.bundle.js]
[thememakker.com/templates/infinio/html/light/assets/bundles/sparkline.bundle.js]
[thememakker.com/templates/infinio/html/light/assets/js/pages/ecommerce.js]
[thememakker.com/templates/infinio/html/light/assets/js/pages/charts/jquery-knob.min.js]
[thememakker.com/templates/infinio/html/light/ec-dashboard.html]
[thememakker.com/templates/infinio/html/assets/images/ecommerce/1.png]
[thememakker.com/templates/infinio/html/assets/images/ecommerce/15.png]
[thememakker.com/templates/infinio/html/assets/images/ecommerce/13.png]
[thememakker.com/templates/infinio/html/assets/images/ecommerce/4.png]
[thememakker.com/templates/infinio/html/assets/images/ecommerce/5.png]
[thememakker.com/templates/infinio/html/assets/images/ecommerce/14.png]
[thememakker.com/templates/infinio/html/assets/images/ecommerce/7.png]
[thememakker.com/templates/infinio/html/assets/images/ecommerce/8.png]
[thememakker.com/templates/infinio/html/assets/images/ecommerce/9.png]
[thememakker.com/templates/infinio/html/assets/images/ecommerce/10.png]
[thememakker.com/templates/infinio/html/assets/images/ecommerce/11.png]
[thememakker.com/templates/infinio/html/assets/images/ecommerce/12.png]
[thememakker.com/templates/infinio/html/light/ec-product.html]
[thememakker.com/templates/infinio/html/assets/images/ecommerce/2.png]
[thememakker.com/templates/infinio/html/assets/images/ecommerce/3.png]
[thememakker.com/templates/infinio/html/light/ec-product-detail.html]
[thememakker.com/templates/infinio/html/assets/images/ecommerce/6.png]
[thememakker.com/templates/infinio/html/light/ec-product-List.html]
[thememakker.com/templates/infinio/html/light/ec-product-order.html]
[thememakker.com/templates/infinio/html/assets/plugins/jquery-spinner/js/jquery.spinner.js]
[thememakker.com/templates/infinio/html/light/ec-product-cart.html]
[thememakker.com/templates/infinio/html/assets/images/ecommerce/visa-card.png]
[thememakker.com/templates/infinio/html/assets/images/ecommerce/mastercard.png]
[thememakker.com/templates/infinio/html/assets/images/ecommerce/paypal.png]
[thememakker.com/templates/infinio/html/assets/plugins/momentjs/moment.js]
[thememakker.com/templates/infinio/html/assets/plugins/jquery-validation/jquery.validate.js]
[thememakker.com/templates/infinio/html/assets/plugins/jquery-steps/jquery.steps.js]
[thememakker.com/templates/infinio/html/light/assets/js/pages/forms/basic-form-elements.js]
[thememakker.com/templates/infinio/html/light/assets/js/pages/forms/form-wizard.js]
[thememakker.com/templates/infinio/html/light/ec-checkout.html]
[cdn.rawgit.com/google/code-prettify/master/loader/run_prettify.js]
[thememakker.com/templates/infinio/html/assets/images/lg/avatar1.jpg]
[thememakker.com/templates/infinio/html/light/ui-kit.html]
[thememakker.com/templates/infinio/html/light/ui-alerts.html]
[thememakker.com/templates/infinio/html/light/ui-collapse.html]
[thememakker.com/templates/infinio/html/light/ui-colors.html]
[thememakker.com/templates/infinio/html/assets/plugins/sweetalert/sweetalert.min.js]
[thememakker.com/templates/infinio/html/light/assets/js/pages/ui/dialogs.js]
[thememakker.com/templates/infinio/html/light/ui-dialogs.html]
[thememakker.com/templates/infinio/html/light/ui-icons.html]
[thememakker.com/templates/infinio/html/light/ui-listgroup.html]
[thememakker.com/templates/infinio/html/light/ui-mediaobject.html]
[thememakker.com/templates/infinio/html/assets/images/model1.jpg]
[thememakker.com/templates/infinio/html/assets/images/model2.jpg]
[thememakker.com/templates/infinio/html/assets/images/model3.jpg]
[thememakker.com/templates/infinio/html/light/ui-modals.html]
[thememakker.com/templates/infinio/html/assets/plugins/bootstrap-notify/bootstrap-notify.js]
[thememakker.com/templates/infinio/html/light/assets/js/pages/ui/notifications.js]
[thememakker.com/templates/infinio/html/light/ui-notifications.html]
[thememakker.com/templates/infinio/html/light/ui-progressbars.html]
[thememakker.com/templates/infinio/html/assets/plugins/ion-rangeslider/js/ion.rangeSlider.js]
[thememakker.com/templates/infinio/html/light/assets/js/pages/ui/range-sliders.js]
[thememakker.com/templates/infinio/html/light/ui-rangesliders.html]
[thememakker.com/templates/infinio/html/light/ui-sortablenestable.html]
[thememakker.com/templates/infinio/html/light/ui-tabs.html]
[thememakker.com/templates/infinio/html/light/ui-waves.html]
[netdna.bootstrapcdn.com/bootstrap/3.0.0/css/bootstrap-glyphicons.css]
[thememakker.com/templates/infinio/html/assets/plugins/bootstrap-material-datetimepicker/js/bootstrap-material-datetimepicker.js]
[thememakker.com/templates/infinio/html/assets/plugins/bootstrap-datetimepicker/moment-with-locales.js]
[thememakker.com/templates/infinio/html/assets/plugins/bootstrap-datetimepicker/bootstrap-datetimepicker.js]
[thememakker.com/templates/infinio/html/light/form-basic.html]
[thememakker.com/templates/infinio/html/assets/plugins/bootstrap-colorpicker/js/bootstrap-colorpicker.js]
[thememakker.com/templates/infinio/html/assets/plugins/jquery-inputmask/jquery.inputmask.bundle.js]
[thememakker.com/templates/infinio/html/assets/plugins/multi-select/js/jquery.multi-select.js]
[thememakker.com/templates/infinio/html/assets/plugins/bootstrap-tagsinput/bootstrap-tagsinput.js]
[thememakker.com/templates/infinio/html/assets/plugins/nouislider/nouislider.js]
[thememakker.com/templates/infinio/html/light/assets/js/pages/forms/advanced-form-elements.js]
[thememakker.com/templates/infinio/html/light/form-advanced.html]
[thememakker.com/templates/infinio/html/light/form-examples.html]
[thememakker.com/templates/infinio/html/light/assets/js/pages/forms/form-validation.js]
[thememakker.com/templates/infinio/html/light/form-validation.html]
[thememakker.com/templates/infinio/html/light/form-wizard.html]
[thememakker.com/templates/infinio/html/assets/plugins/ckeditor/ckeditor.js]
[thememakker.com/templates/infinio/html/light/assets/js/pages/forms/editors.js]
[thememakker.com/templates/infinio/html/light/form-editors.html]
[thememakker.com/templates/infinio/html/assets/plugins/dropzone/dropzone.js]
[thememakker.com/templates/infinio/html/light/form-upload.html]
[thememakker.com/templates/infinio/html/assets/plugins/cropper/cropper.min.js]
[thememakker.com/templates/infinio/html/assets/plugins/cropper/cropper-init.js]
[thememakker.com/templates/infinio/html/light/form-img-cropper.html]
[thememakker.com/templates/infinio/html/assets/plugins/summernote/dist/summernote.js]
[thememakker.com/templates/infinio/html/light/form-summernote.html]
[thememakker.com/templates/infinio/html/light/table-normal.html]
[thememakker.com/templates/infinio/html/assets/plugins/jquery-datatable/buttons/dataTables.buttons.min.js]
[thememakker.com/templates/infinio/html/assets/plugins/jquery-datatable/buttons/buttons.bootstrap4.min.js]
[thememakker.com/templates/infinio/html/assets/plugins/jquery-datatable/buttons/buttons.colVis.min.js]
[thememakker.com/templates/infinio/html/assets/plugins/jquery-datatable/buttons/buttons.html5.min.js]
[thememakker.com/templates/infinio/html/assets/plugins/jquery-datatable/buttons/buttons.print.min.js]
[thememakker.com/templates/infinio/html/light/table-jquerydatatable.html]
[thememakker.com/templates/infinio/html/assets/plugins/editable-table/mindmup-editabletable.js]
[thememakker.com/templates/infinio/html/light/assets/js/pages/tables/editable-table.js]
[thememakker.com/templates/infinio/html/light/table-editable.html]
[thememakker.com/templates/infinio/html/light/table-color.html]
[thememakker.com/templates/infinio/html/light/table-filter.html]
[thememakker.com/templates/infinio/html/light/assets/js/pages/charts/morris.js]
[thememakker.com/templates/infinio/html/light/morris.html]
[thememakker.com/templates/infinio/html/light/assets/js/pages/charts/flot.js]
[thememakker.com/templates/infinio/html/light/flot.html]
[thememakker.com/templates/infinio/html/assets/plugins/chartjs/Chart.bundle.js]
[thememakker.com/templates/infinio/html/assets/plugins/chartjs/polar_area_chart.js]
[thememakker.com/templates/infinio/html/light/assets/js/pages/charts/chartjs.js]
[thememakker.com/templates/infinio/html/light/assets/js/pages/charts/polar_area_chart.js]
[thememakker.com/templates/infinio/html/light/chartjs.html]
[thememakker.com/templates/infinio/html/light/assets/js/pages/charts/sparkline.js]
[thememakker.com/templates/infinio/html/light/sparkline.html]
[thememakker.com/templates/infinio/html/light/jquery-knob.html]
[thememakker.com/templates/infinio/html/assets/images/lg/avatar2.jpg]
[thememakker.com/templates/infinio/html/assets/images/image-gallery/6.jpg]
[thememakker.com/templates/infinio/html/assets/images/image-gallery/12.jpg]
[thememakker.com/templates/infinio/html/light/widgets-app.html]
[thememakker.com/templates/infinio/html/light/assets/js/pages/cards/basic.js]
[thememakker.com/templates/infinio/html/light/widgets-data.html]
[thememakker.com/templates/infinio/html/light/assets/js/pages/charts/chart-widgets.js]
[thememakker.com/templates/infinio/html/light/widgets-chart.html]
[thememakker.com/templates/infinio/html/light/sign-up.html]
[thememakker.com/templates/infinio/html/light/forgot-password.html]
[thememakker.com/templates/infinio/html/light/404.html]
[thememakker.com/templates/infinio/html/light/403.html]
[thememakker.com/templates/infinio/html/light/500.html]
[thememakker.com/templates/infinio/html/light/503.html]
[thememakker.com/templates/infinio/html/light/page-offline.html]
[thememakker.com/templates/infinio/html/light/blank.html]
[thememakker.com/templates/infinio/html/assets/images/image-gallery/7.jpg]
[thememakker.com/templates/infinio/html/assets/images/image-gallery/10.jpg]
[thememakker.com/templates/infinio/html/assets/images/image-gallery/11.jpg]
[thememakker.com/templates/infinio/html/assets/images/image-gallery/13.jpg]
[thememakker.com/templates/infinio/html/assets/images/image-gallery/14.jpg]
[thememakker.com/templates/infinio/html/assets/images/image-gallery/15.jpg]
[thememakker.com/templates/infinio/html/assets/plugins/light-gallery/js/lightgallery-all.min.js]
[thememakker.com/templates/infinio/html/light/assets/js/pages/medias/image-gallery.js]
[thememakker.com/templates/infinio/html/light/image-gallery.html]
[thememakker.com/templates/infinio/html/light/timeline.html]
[thememakker.com/templates/infinio/html/assets/plugins/horizontal-timeline/js/horizontal-timeline.js]
[thememakker.com/templates/infinio/html/light/horizontal-timeline.html]
[thememakker.com/templates/infinio/html/light/pricing.html]
[thememakker.com/templates/infinio/html/light/invoices.html]
[thememakker.com/templates/infinio/html/light/faqs.html]
[thememakker.com/templates/infinio/html/assets/images/image2.jpg]
[thememakker.com/templates/infinio/html/assets/images/image3.jpg]
[thememakker.com/templates/infinio/html/assets/images/image4.jpg]
[thememakker.com/templates/infinio/html/light/search-results.html]
[thememakker.com/templates/infinio/html/light/helper-class.html]
[thememakker.com/templates/infinio/html/assets/plugins/gmaps/gmaps.js]
[thememakker.com/templates/infinio/html/light/assets/js/pages/maps/google.js]
[thememakker.com/templates/infinio/html/light/map-google.html]
[thememakker.com/templates/infinio/html/light/map-yandex.html]
[thememakker.com/templates/infinio/html/assets/plugins/jvectormap/jquery-jvectormap-world-mill-en.js]
[thememakker.com/templates/infinio/html/assets/plugins/jvectormap/jquery-jvectormap-in-mill.js]
[thememakker.com/templates/infinio/html/assets/plugins/jvectormap/jquery-jvectormap-uk-mill-en.js]
[thememakker.com/templates/infinio/html/assets/plugins/jvectormap/jquery-jvectormap-au-mill.js]
[thememakker.com/templates/infinio/html/light/assets/js/pages/maps/jvectormap.js]
[thememakker.com/templates/infinio/html/light/map-jvectormap.html]
[thememakker.com/templates/infinio/html/light/assets/css/inbox.css]
[thememakker.com/templates/infinio/html/light/mail-compose.html]
[thememakker.com/templates/infinio/html/light/mail-single.html]
[thememakker.com/templates/infinio/html/assets/plugins/footable-bootstrap/css/footable.bootstrap.min.css]
[thememakker.com/templates/infinio/html/assets/plugins/footable-bootstrap/css/footable.standalone.min.css]
[thememakker.com/templates/infinio/html/light/assets/css/chatapp.css]
[thememakker.com/templates/infinio/html/assets/plugins/fullcalendar/fullcalendar.min.css]
[thememakker.com/templates/infinio/html/assets/plugins/morrisjs/morris.css]
[thememakker.com/templates/infinio/html/light/blog-post.html]
[thememakker.com/templates/infinio/html/assets/images/blog/blog-page-1.jpg]
[thememakker.com/templates/infinio/html/assets/images/blog/05-img.jpg]
[thememakker.com/templates/infinio/html/assets/images/blog/06-img.jpg]
[thememakker.com/templates/infinio/html/assets/images/blog/07-img.jpg]
[thememakker.com/templates/infinio/html/assets/images/blog/08-img.jpg]
[thememakker.com/templates/infinio/html/assets/images/blog/09-img.jpg]
[thememakker.com/templates/infinio/html/assets/images/blog/10-img.jpg]
[thememakker.com/templates/infinio/html/assets/images/blog/11-img.jpg]
[thememakker.com/templates/infinio/html/assets/images/blog/12-img.jpg]
[thememakker.com/templates/infinio/html/assets/images/blog/13-img.jpg]
[thememakker.com/templates/infinio/html/light/blog-details.html]
[thememakker.com/templates/infinio/html/assets/plugins/jvectormap/jquery-jvectormap-2.0.3.css]
[thememakker.com/templates/infinio/html/light/assets/css/blog.css]
[thememakker.com/templates/infinio/html/light/blog-list.html]
[thememakker.com/templates/infinio/html/light/blog-grid.html]
[thememakker.com/templates/infinio/html/assets/plugins/jquery-datatable/dataTables.bootstrap4.min.css]
[thememakker.com/templates/infinio/html/assets/plugins/nestable/jquery-nestable.css]
[thememakker.com/templates/infinio/html/assets/plugins/bootstrap-select/css/bootstrap-select.css]
[thememakker.com/templates/infinio/html/light/assets/css/ecommerce.css]
[thememakker.com/templates/infinio/html/assets/plugins/jquery-steps/jquery.steps.css]
[thememakker.com/templates/infinio/html/assets/plugins/sweetalert/sweetalert.css]
[thememakker.com/templates/infinio/html/assets/plugins/ion-rangeslider/css/ion.rangeSlider.css]
[thememakker.com/templates/infinio/html/assets/plugins/ion-rangeslider/img/sprite-skin-flat.png]
[thememakker.com/templates/infinio/html/assets/plugins/ion-rangeslider/css/ion.rangeSlider.skinFlat.css]
[thememakker.com/templates/infinio/html/assets/plugins/bootstrap-material-datetimepicker/css/bootstrap-material-datetimepicker.css]
[thememakker.com/templates/infinio/html/assets/plugins/bootstrap-datetimepicker/bootstrap-datetimepicker.css]
[netdna.bootstrapcdn.com/bootstrap/3.0.0/css/bootstrap-glyphicons.css]
[thememakker.com/templates/infinio/html/assets/plugins/bootstrap-colorpicker/img/bootstrap-colorpicker/saturation.png]
[thememakker.com/templates/infinio/html/assets/plugins/bootstrap-colorpicker/img/bootstrap-colorpicker/hue.png]
[thememakker.com/templates/infinio/html/assets/plugins/bootstrap-colorpicker/img/bootstrap-colorpicker/alpha.png]
[thememakker.com/templates/infinio/html/assets/plugins/bootstrap-colorpicker/img/bootstrap-colorpicker/hue-horizontal.png]
[thememakker.com/templates/infinio/html/assets/plugins/bootstrap-colorpicker/img/bootstrap-colorpicker/alpha-horizontal.png]
[thememakker.com/templates/infinio/html/assets/plugins/bootstrap-colorpicker/css/bootstrap-colorpicker.css]
[thememakker.com/templates/infinio/html/assets/plugins/multi-select/img/switch.png]
[thememakker.com/templates/infinio/html/assets/plugins/multi-select/css/multi-select.css]
[thememakker.com/templates/infinio/html/assets/plugins/jquery-spinner/css/bootstrap-spinner.css]
[thememakker.com/templates/infinio/html/assets/plugins/bootstrap-tagsinput/bootstrap-tagsinput.css]
[thememakker.com/templates/infinio/html/assets/plugins/nouislider/nouislider.min.css]
[thememakker.com/templates/infinio/html/assets/plugins/dropzone/dropzone.css]
[thememakker.com/templates/infinio/html/assets/plugins/cropper/cropper.min.css]
[thememakker.com/templates/infinio/html/assets/plugins/summernote/dist/font/summernotef534.eot]
[thememakker.com/templates/infinio/html/assets/plugins/summernote/dist/font/summernoted41d.eot]
[thememakker.com/templates/infinio/html/assets/plugins/summernote/dist/font/summernotef534.woff]
[thememakker.com/templates/infinio/html/assets/plugins/summernote/dist/font/summernotef534.ttf]
[thememakker.com/templates/infinio/html/assets/plugins/summernote/dist/summernote.css]
[thememakker.com/templates/infinio/html/assets/plugins/light-gallery/img/vimeo-play.png]
[thememakker.com/templates/infinio/html/assets/plugins/light-gallery/img/video-play.png]
[thememakker.com/templates/infinio/html/assets/plugins/light-gallery/img/youtube-play.png]
[thememakker.com/templates/infinio/html/assets/plugins/light-gallery/img/loading.gif]
[thememakker.com/templates/infinio/html/assets/plugins/light-gallery/css/lightgallery.css]
[thememakker.com/templates/infinio/html/light/assets/css/timeline.css]
[thememakker.com/templates/infinio/html/assets/plugins/horizontal-timeline/css/horizontal-timeline.css]
[thememakker.com/templates/infinio/html/light/assets/fonts/nucleo-outline.woff]
[thememakker.com/templates/infinio/html/light/assets/fonts/nucleo-outline.ttf]
[thememakker.com/templates/infinio/html/light/assets/fonts/nucleo-outline.eot]
[thememakker.com/templates/infinio/html/light/assets/fonts/nucleo-outline.woff2]
[thememakker.com/templates/infinio/html/light/assets/fonts/nucleo-outline.woff]
[thememakker.com/templates/infinio/html/light/assets/fonts/nucleo-outline.ttf]
[thememakker.com/templates/infinio/html/light/cropped.jpg]
