[tattek.sk/minimal/index.html]
[backblue.gif]
[fade.gif]
[index.html]
[tattek.sk/minimal/assets/images/favicon.ico]
[tattek.sk/minimal/assets/css/vendor/bootstrap/bootstrap.min.css]
[maxcdn.bootstrapcdn.com/font-awesome/4.1.0/css/font-awesome.min.css]
[tattek.sk/minimal/assets/css/vendor/animate/animate.min.css]
[tattek.sk/minimal/assets/js/vendor/mmenu/css/jquery.mmenu.all.css]
[tattek.sk/minimal/assets/js/vendor/videobackground/css/jquery.videobackground.css]
[tattek.sk/minimal/assets/css/vendor/bootstrap-checkbox.css]
[tattek.sk/minimal/assets/css/vendor/bootstrap/bootstrap-dropdown-multilevel.css]
[tattek.sk/minimal/assets/js/vendor/rickshaw/css/rickshaw.min.css]
[tattek.sk/minimal/assets/js/vendor/morris/css/morris.css]
[tattek.sk/minimal/assets/js/vendor/tabdrop/css/tabdrop.css]
[tattek.sk/minimal/assets/js/vendor/summernote/css/summernote.css]
[tattek.sk/minimal/assets/js/vendor/summernote/css/summernote-bs3.css]
[tattek.sk/minimal/assets/js/vendor/chosen/css/chosen.min.css]
[tattek.sk/minimal/assets/js/vendor/chosen/css/chosen-bootstrap.css]
[tattek.sk/minimal/assets/images/ici-avatar.jpg]
[tattek.sk/minimal/assets/images/arnold-avatar.jpg]
[tattek.sk/minimal/assets/css/minimal.css]
[tattek.sk/minimal/assets/images/profile-photo.jpg]
[tattek.sk/minimal/assets/images/peter-avatar.jpg]
[tattek.sk/minimal/ui-elements.html]
[tattek.sk/minimal/typography.html]
[tattek.sk/minimal/tiles.html]
[tattek.sk/minimal/portlets.html]
[tattek.sk/minimal/nestable.html]
[tattek.sk/minimal/buttons.html]
[tattek.sk/minimal/grid.html]
[tattek.sk/minimal/tables.html]
[tattek.sk/minimal/datatables.html]
[tattek.sk/minimal/login.html]
[tattek.sk/minimal/calendar.html]
[tattek.sk/minimal/page404.html]
[tattek.sk/minimal/page500.html]
[tattek.sk/minimal/page-offline.html]
[tattek.sk/minimal/invoice.html]
[tattek.sk/minimal/blank-page.html]
[tattek.sk/minimal/locked-screen.html]
[tattek.sk/minimal/gallery.html]
[tattek.sk/minimal/timeline.html]
[tattek.sk/minimal/chat.html]
[tattek.sk/minimal/search-results.html]
[tattek.sk/minimal/profile-page.html]
[tattek.sk/minimal/weather-page.html]
[tattek.sk/minimal/frontpage/index.html]
[tattek.sk/minimal/mail.html]
[tattek.sk/minimal/mail-horizontal.html]
[tattek.sk/minimal/vector-maps.html]
[tattek.sk/minimal/google-maps.html]
[tattek.sk/minimal/widgets.html]
[tattek.sk/minimal/assets/images/random-avatar1.jpg]
[tattek.sk/minimal/charts.html]
[tattek.sk/minimal/assets/images/random-avatar2.jpg]
[tattek.sk/minimal/assets/images/random-avatar4.jpg]
[tattek.sk/minimal/assets/images/random-avatar5.jpg]
[tattek.sk/minimal/assets/images/random-avatar7.jpg]
[tattek.sk/minimal/assets/js/vendor/mmenu/js/jquery.mmenu.min.js]
[tattek.sk/minimal/assets/js/vendor/sparkline/jquery.sparkline.min.js]
[tattek.sk/minimal/assets/js/vendor/animate-numbers/jquery.animateNumbers.js]
[tattek.sk/minimal/assets/js/vendor/nicescroll/jquery.nicescroll.min.js]
[tattek.sk/minimal/assets/js/vendor/videobackground/jquery.videobackground.js]
[tattek.sk/minimal/assets/js/vendor/blockui/jquery.blockUI.js]
[tattek.sk/minimal/assets/js/vendor/flot/jquery.flot.selection.min.js]
[tattek.sk/minimal/assets/js/vendor/flot/jquery.flot.min.js]
[tattek.sk/minimal/assets/js/vendor/flot/jquery.flot.animator.min.js]
[tattek.sk/minimal/assets/js/vendor/flot/jquery.flot.orderBars.js]
[tattek.sk/minimal/assets/js/vendor/easypiechart/jquery.easypiechart.min.js]
[code.jquery.com/jquery.js]
[tattek.sk/minimal/assets/js/vendor/morris/morris.min.js]
[tattek.sk/minimal/assets/js/vendor/rickshaw/rickshaw.min.js]
[tattek.sk/minimal/assets/js/vendor/tabdrop/bootstrap-tabdrop.min.js]
[tattek.sk/minimal/assets/js/vendor/rickshaw/raphael-min.js]
[tattek.sk/minimal/index.html]
[tattek.sk/minimal/assets/js/vendor/chosen/chosen.jquery.min.js]
[tattek.sk/minimal/assets/js/vendor/summernote/summernote.min.js]
[tattek.sk/minimal/assets/js/vendor/rickshaw/d3.v2.js]
[tattek.sk/minimal/assets/css/vendor/bootstrap/bootstrap.min.css]
[maxcdn.bootstrapcdn.com/font-awesome/4.1.0/css/font-awesome.min.css]
[tattek.sk/minimal/assets/css/vendor/animate/animate.min.css]
[tattek.sk/minimal/assets/js/vendor/mmenu/css/jquery.mmenu.all.css]
[tattek.sk/minimal/assets/js/vendor/videobackground/css/jquery.videobackground.css]
[tattek.sk/minimal/assets/css/vendor/bootstrap-checkbox.css]
[tattek.sk/minimal/assets/css/vendor/bootstrap/bootstrap-dropdown-multilevel.css]
[tattek.sk/minimal/assets/js/vendor/rickshaw/css/rickshaw.min.css]
[tattek.sk/minimal/assets/js/vendor/morris/css/morris.css]
[tattek.sk/minimal/assets/js/vendor/tabdrop/css/tabdrop.css]
[tattek.sk/minimal/assets/js/vendor/summernote/css/summernote.css]
[tattek.sk/minimal/assets/js/vendor/summernote/css/summernote-bs3.css]
[tattek.sk/minimal/assets/js/vendor/chosen/images/chosen-sprite.png]
[tattek.sk/minimal/assets/js/vendor/chosen/images/chosen-sprite@2x.png]
[tattek.sk/minimal/assets/js/vendor/chosen/css/chosen.min.css]
[tattek.sk/minimal/assets/js/vendor/chosen/css/chosen-bootstrap.css]
[tattek.sk/minimal/assets/images/noise.png]
[tattek.sk/minimal/assets/images/dot_pattern.png]
[tattek.sk/minimal/assets/images/backgrounds/1.jpg]
[tattek.sk/minimal/assets/images/backgrounds/4.jpg]
[tattek.sk/minimal/assets/images/backgrounds/5.jpg]
[tattek.sk/minimal/assets/images/backgrounds/6.jpg]
[tattek.sk/minimal/assets/images/loader.gif]
[tattek.sk/minimal/assets/images/minimal-logo.png]
[tattek.sk/minimal/assets/images/backgrounds/thumbs/1.jpg]
[tattek.sk/minimal/assets/images/backgrounds/thumbs/2.jpg]
[tattek.sk/minimal/assets/images/backgrounds/thumbs/3.jpg]
[tattek.sk/minimal/assets/images/backgrounds/thumbs/4.jpg]
[tattek.sk/minimal/assets/images/backgrounds/thumbs/5.jpg]
[tattek.sk/minimal/assets/images/backgrounds/thumbs/6.jpg]
[tattek.sk/minimal/assets/images/backgrounds/video/thumbs/1.jpg]
[tattek.sk/minimal/assets/images/backgrounds/video/thumbs/2.jpg]
[tattek.sk/minimal/assets/images/backgrounds/video/thumbs/3.jpg]
[tattek.sk/minimal/assets/images/backgrounds/video/thumbs/4.jpg]
[tattek.sk/minimal/assets/images/backgrounds/video/thumbs/5.jpg]
[tattek.sk/minimal/assets/images/backgrounds/video/thumbs/6.jpg]
[tattek.sk/minimal/assets/images/backgrounds/video/thumbs/7.jpg]
[tattek.sk/minimal/assets/images/backgrounds/video/thumbs/8.jpg]
[tattek.sk/minimal/assets/images/backgrounds/video/thumbs/9.jpg]
[tattek.sk/minimal/assets/images/backgrounds/video/thumbs/10.jpg]
[tattek.sk/minimal/assets/images/chosen-sprite-transparent.png]
[tattek.sk/minimal/assets/images/modal-close.png]
[tattek.sk/minimal/assets/images/modal-close-hover.png]
[tattek.sk/minimal/assets/css/minimal.css]
[tattek.sk/minimal/assets/images/george-avatar.jpg]
[tattek.sk/minimal/form-elements.html]
[tattek.sk/minimal/validation-elements.html]
[tattek.sk/minimal/form-wizard.html]
[tattek.sk/minimal/assets/css/vendor/animate/animate.css]
[tattek.sk/minimal/assets/js/vendor/jgrowl/css/jquery.jgrowl.min.css]
[tattek.sk/minimal/assets/js/vendor/typeahead/css/typeahead.js-bootstrap.css]
[tattek.sk/minimal/assets/js/vendor/datepicker/css/bootstrap-datetimepicker.css]
[tattek.sk/minimal/assets/js/vendor/no-ui-slider/css/jquery.nouislider.min.css]
[tattek.sk/minimal/assets/js/vendor/modals/css/component.css]
[tattek.sk/minimal/assets/js/vendor/jgrowl/jquery.jgrowl.min.js]
[cdn.rawgit.com/google/code-prettify/master/loader/run_prettifyf793.js]
[tattek.sk/minimal/assets/js/vendor/typeahead/typeahead.min.js]
[tattek.sk/minimal/assets/js/vendor/datepicker/bootstrap-datetimepicker.min.js]
[tattek.sk/minimal/assets/js/vendor/modals/classie.js]
[tattek.sk/minimal/assets/js/vendor/no-ui-slider/jquery.nouislider.min.js]
[tattek.sk/minimal/assets/js/vendor/modals/modalEffects.js]
[tattek.sk/minimal/assets/js/vendor/momentjs/moment-with-langs.min.js]
[tattek.sk/minimal/ui-elements.html]
[tattek.sk/minimal/typography.html]
[tattek.sk/minimal/tiles.html]
[tattek.sk/minimal/assets/js/vendor/modals/css-filters-polyfill.js]
[tattek.sk/minimal/portlets.html]
[tattek.sk/minimal/assets/js/vendor/nestable/css/style.css]
[tattek.sk/minimal/nestable.html]
[tattek.sk/minimal/buttons.html]
[tattek.sk/minimal/grid.html]
[tattek.sk/minimal/tables.html]
[tattek.sk/minimal/assets/js/vendor/nestable/jquery.nestable.js]
[tattek.sk/minimal/assets/js/vendor/datatables/css/dataTables.bootstrap.css]
[tattek.sk/minimal/assets/js/vendor/modals/cssParser.js]
[tattek.sk/minimal/assets/js/vendor/datatables/css/ColVis.css]
[tattek.sk/minimal/assets/js/vendor/datatables/css/TableTools.css]
[tattek.sk/minimal/assets/js/vendor/datatables/colvis/dataTables.colVis.min.js]
[tattek.sk/minimal/assets/js/vendor/datatables/ColReorderWithResize.js]
[tattek.sk/minimal/assets/js/vendor/datatables/tabletools/ZeroClipboard.js]
[tattek.sk/minimal/datatables.html]
[tattek.sk/minimal/assets/js/vendor/datatables/dataTables.bootstrap.js]
[tattek.sk/minimal/assets/js/vendor/datatables/jquery.dataTables.min.js]
[tattek.sk/minimal/assets/js/vendor/datatables/tabletools/dataTables.tableTools.min.js]
[tattek.sk/minimal/assets/images/logo-big.png]
[tattek.sk/minimal/login.html]
[tattek.sk/minimal/assets/js/vendor/fullcalendar/fullcalendar.css]
[tattek.sk/minimal/assets/js/vendor/colorpalette/bootstrap-colorpalette.css]
[tattek.sk/minimal/assets/js/vendor/jquery-ui/jquery-ui-1.10.4.custom.min.js]
[tattek.sk/minimal/assets/js/vendor/touch-punch/jquery.ui.touch-punch.min.js]
[tattek.sk/minimal/assets/js/vendor/colorpalette/bootstrap-colorpalette.js]
[tattek.sk/minimal/assets/js/vendor/fullcalendar/lib/moment.min.js]
[tattek.sk/minimal/assets/js/vendor/fullcalendar/old/jquery-ui-1.10.4.custom.min.js]
[tattek.sk/minimal/calendar.html]
[tattek.sk/minimal/page404.html]
[tattek.sk/minimal/page500.html]
[tattek.sk/minimal/page-offline.html]
[tattek.sk/minimal/assets/images/themeforest.png]
[tattek.sk/minimal/invoice.html]
[tattek.sk/minimal/blank-page.html]
[tattek.sk/minimal/locked-screen.html]
[tattek.sk/minimal/assets/js/vendor/parsley/parsley.min.js]
[tattek.sk/minimal/assets/js/vendor/superbox/css/style.css]
[tattek.sk/minimal/assets/js/vendor/colorbox/css/colorbox.css]
[tattek.sk/minimal/assets/js/vendor/superbox/superbox.js]
[tattek.sk/minimal/gallery.html]
[tattek.sk/minimal/assets/js/vendor/colorbox/jquery.colorbox-min.js]
[tattek.sk/minimal/assets/images/carousel/carousel2.jpg]
[tattek.sk/minimal/assets/images/carousel/carousel3.jpg]
[tattek.sk/minimal/timeline.html]
[tattek.sk/minimal/assets/images/random-avatar3.jpg]
[tattek.sk/minimal/chat.html]
[tattek.sk/minimal/search-results.html]
[tattek.sk/minimal/assets/images/placeholder/img01.jpg]
[tattek.sk/minimal/profile-page.html]
[tattek.sk/minimal/assets/js/vendor/owl-carousel/css/owl.theme.css]
[tattek.sk/minimal/assets/images/weather/alps.jpg]
[tattek.sk/minimal/assets/images/weather/czech.jpg]
[tattek.sk/minimal/assets/images/weather/france.jpg]
[tattek.sk/minimal/assets/images/weather/park.jpg]
[tattek.sk/minimal/assets/images/weather/vegas.jpg]
[tattek.sk/minimal/assets/js/vendor/skycons/skycons.js]
[tattek.sk/minimal/assets/js/vendor/owl-carousel/owl.carousel.min.js]
[tattek.sk/minimal/weather-page.html]
[tattek.sk/minimal/frontpage/assets/images/favicon.ico]
[tattek.sk/minimal/frontpage/assets/css/vendor/bootstrap/bootstrap.min.css]
[netdna.bootstrapcdn.com/font-awesome/4.1.0/css/font-awesome.min.css]
[tattek.sk/minimal/frontpage/assets/css/vendor/animate/animate.css]
[tattek.sk/minimal/frontpage/assets/css/vendor/bootstrap-checkbox.css]
[tattek.sk/minimal/frontpage/assets/js/vendor/text-rotator/css/simpletextrotator.css]
[tattek.sk/minimal/frontpage/assets/js/vendor/owl-carousel/css/owl.carousel.css]
[tattek.sk/minimal/frontpage/assets/js/vendor/owl-carousel/css/owl.theme.css]
[tattek.sk/minimal/frontpage/assets/js/vendor/owl-carousel/css/owl.transitions.css]
[tattek.sk/minimal/frontpage/assets/js/vendor/nivo-lightbox/css/nivo-lightbox.css]
[tattek.sk/minimal/frontpage/assets/js/vendor/nivo-lightbox/css/themes/default/default.css]
[tattek.sk/minimal/frontpage/assets/css/minimal.min.css]
[tattek.sk/minimal/frontpage/about.html]
[tattek.sk/minimal/frontpage/prices.html]
[tattek.sk/minimal/frontpage/services.html]
[tattek.sk/minimal/frontpage/faq.html]
[tattek.sk/minimal/frontpage/gallery.html]
[tattek.sk/minimal/frontpage/login.html]
[tattek.sk/minimal/frontpage/signup.html]
[tattek.sk/minimal/frontpage/page-404.html]
[tattek.sk/minimal/frontpage/page-500.html]
[tattek.sk/minimal/frontpage/search-results.html]
[tattek.sk/minimal/frontpage/contacts.html]
[tattek.sk/minimal/frontpage/portfolio-4.html]
[tattek.sk/minimal/frontpage/portfolio-3.html]
[tattek.sk/minimal/frontpage/portfolio-2.html]
[tattek.sk/minimal/frontpage/blog.html]
[tattek.sk/minimal/frontpage/blog-item.html]
[tattek.sk/minimal/frontpage/assets/images/slider/1.png]
[tattek.sk/minimal/frontpage/assets/images/slider/2.png]
[tattek.sk/minimal/frontpage/assets/images/slider/3.png]
[tattek.sk/minimal/frontpage/assets/images/projects/minimal.jpg]
[tattek.sk/minimal/frontpage/assets/images/projects/minoral.jpg]
[tattek.sk/minimal/frontpage/assets/images/projects/thumbs/thekamarel.jpg]
[tattek.sk/minimal/frontpage/assets/images/projects/thekamarel.jpg]
[tattek.sk/minimal/frontpage/assets/images/dummy.jpg]
[tattek.sk/minimal/frontpage/assets/images/clients/themeforest.png]
[tattek.sk/minimal/frontpage/assets/images/clients/3docean.png]
[tattek.sk/minimal/frontpage/assets/images/clients/activeden.png]
[tattek.sk/minimal/frontpage/assets/images/clients/audiojungle.png]
[tattek.sk/minimal/frontpage/assets/images/clients/codecanyon.png]
[tattek.sk/minimal/frontpage/assets/images/clients/graphicriver.png]
[tattek.sk/minimal/frontpage/assets/images/clients/photodune.png]
[tattek.sk/minimal/frontpage/assets/images/clients/tutorials.png]
[tattek.sk/minimal/frontpage/assets/images/clients/videohive.png]
[tattek.sk/minimal/frontpage/assets/js/vendor/modernizr-2.6.2-respond-1.1.0.min.js]
[tattek.sk/minimal/frontpage/assets/js/vendor/bootstrap/bootstrap.min.js]
[tattek.sk/minimal/frontpage/assets/js/vendor/skrollr/skrollr.min.js]
[tattek.sk/minimal/frontpage/assets/js/vendor/text-rotator/jquery.simple-text-rotator.js]
[tattek.sk/minimal/frontpage/assets/js/vendor/nivo-lightbox/nivo-lightbox.min.js]
[tattek.sk/minimal/frontpage/assets/js/vendor/owl-carousel/owl.carousel.min.js]
[tattek.sk/minimal/frontpage/assets/js/vendor/tweet-js/jquery.tweet.min.js]
[tattek.sk/minimal/frontpage/assets/js/vendor/vticker/jquery.vticker.min.js]
[tattek.sk/minimal/frontpage/assets/js/vendor/jflickrfeed/jflickrfeed.min.js]
[tattek.sk/minimal/frontpage/assets/js/vendor/appear/jquery.appear.js]
[tattek.sk/minimal/frontpage/assets/js/vendor/parallax/jquery.parallax-1.1.3.js]
[tattek.sk/minimal/frontpage/index.html]
[tattek.sk/minimal/mail.html]
[tattek.sk/minimal/frontpage/assets/js/minimal.min.js]
[tattek.sk/minimal/mail-horizontal.html]
[tattek.sk/minimal/assets/js/vendor/jvectormaps/css/jquery-jvectormap-1.2.2.css]
[tattek.sk/minimal/assets/js/vendor/jvectormaps/addons/gdp-data.js]
[tattek.sk/minimal/assets/js/vendor/jvectormaps/jquery-jvectormap-1.2.2.min.js]
[tattek.sk/minimal/assets/js/vendor/jvectormaps/addons/jquery-jvectormap-de-merc-en.js]
[tattek.sk/minimal/assets/js/vendor/jvectormaps/addons/jquery-jvectormap-us-aea-en.js]
[tattek.sk/minimal/assets/js/vendor/jvectormaps/addons/jquery-jvectormap-world-mill-en.js]
[tattek.sk/minimal/vector-maps.html]
[tattek.sk/minimal/assets/js/vendor/gmaps/jquery.ui.map.full.min.js]
[tattek.sk/minimal/assets/js/vendor/jvectormaps/addons/jquery-jvectormap-es-merc-en.js]
[tattek.sk/minimal/assets/js/vendor/gmaps/jquery.ui.map.microformat.min.js]
[tattek.sk/minimal/assets/js/vendor/gmaps/jquery.ui.map.extensions.js]
[tattek.sk/minimal/google-maps.html]
[tattek.sk/minimal/assets/js/vendor/flipclock/css/flipclock.css]
[tattek.sk/minimal/assets/js/vendor/jvectormaps/addons/jquery-jvectormap-us-lcc-en.js]
[blueimp.github.io/Gallery/css/blueimp-gallery.min.css]
[tattek.sk/minimal/assets/js/vendor/jquery-file-upload/css/jquery.fileupload-ui.css]
[tattek.sk/minimal/assets/js/vendor/jquery-file-upload/css/jquery.fileupload-noscript.css]
[tattek.sk/minimal/assets/js/vendor/jquery-file-upload/css/jquery.fileupload-ui-noscript.css]
[tattek.sk/minimal/assets/images/carousel/carousel4.jpg]
[blueimp.github.io/JavaScript-Templates/js/tmpl.min.js]
[blueimp.github.io/JavaScript-Load-Image/js/load-image.min.js]
[tattek.sk/minimal/assets/js/vendor/jquery-file-upload/vendor/jquery.ui.widget.js]
[blueimp.github.io/JavaScript-Canvas-to-Blob/js/canvas-to-blob.min.js]
[tattek.sk/minimal/assets/js/vendor/jquery-file-upload/jquery.iframe-transport.js]
[blueimp.github.io/Gallery/js/jquery.blueimp-gallery.min.js]
[tattek.sk/minimal/assets/js/vendor/jquery-file-upload/jquery.fileupload-process.js]
[tattek.sk/minimal/assets/js/vendor/jquery-file-upload/jquery.fileupload.js]
[tattek.sk/minimal/assets/js/vendor/jquery-file-upload/jquery.fileupload-image.js]
[tattek.sk/minimal/assets/js/vendor/jquery-file-upload/jquery.fileupload-audio.js]
[tattek.sk/minimal/assets/js/vendor/jquery-file-upload/jquery.fileupload-video.js]
[tattek.sk/minimal/assets/js/vendor/jquery-file-upload/jquery.fileupload-validate.js]
[tattek.sk/minimal/assets/js/vendor/jquery-file-upload/fileupload-main.js]
[tattek.sk/minimal/assets/js/vendor/jquery-file-upload/jquery.fileupload-ui.js]
[tattek.sk/minimal/widgets.html]
[tattek.sk/minimal/assets/js/vendor/flipclock/flipclock.min.js]
[tattek.sk/minimal/assets/js/vendor/flot/jquery.flot.categories.min.js]
[tattek.sk/minimal/assets/js/vendor/flot/jquery.flot.stack.min.js]
[tattek.sk/minimal/assets/js/vendor/flot/jquery.flot.pie.min.js]
[tattek.sk/minimal/assets/js/vendor/graphtable/jquery.graphTable-0.3.js]
[tattek.sk/minimal/assets/js/vendor/flot/jquery.flot.tooltip.min.js]
[tattek.sk/minimal/charts.html]
[tattek.sk/minimal/assets/images/random-avatar6.jpg]
[tattek.sk/minimal/assets/js/vendor/justgage/justgage.js]
[tattek.sk/minimal/assets/images/random-avatar8.jpg]
[tattek.sk/minimal/assets/js/vendor/bootstrap/bootstrap-dropdown-multilevel.js]
[tattek.sk/minimal/assets/css/vendor/fonts/glyphicons-halflings-regular.html]
[tattek.sk/minimal/assets/css/vendor/fonts/glyphicons-halflings-regulard41d.html]
[tattek.sk/minimal/assets/css/vendor/fonts/glyphicons-halflings-regular-2.html]
[tattek.sk/minimal/assets/css/vendor/fonts/glyphicons-halflings-regular-3.html]
[tattek.sk/minimal/assets/css/vendor/fonts/glyphicons-halflings-regular-4.html]
[tattek.sk/minimal/assets/js/vendor/flot/jquery.flot.time.min.js]
[tattek.sk/minimal/assets/js/vendor/summernote/fonts/glyphicons-halflings-regulard41d.html]
[tattek.sk/minimal/assets/js/vendor/summernote/fonts/glyphicons-halflings-regular.html]
[tattek.sk/minimal/assets/js/vendor/summernote/fonts/glyphicons-halflings-regular-2.html]
[tattek.sk/minimal/assets/js/vendor/summernote/fonts/glyphicons-halflings-regular-3.html]
[tattek.sk/minimal/assets/images/backgrounds/2.jpg]
[tattek.sk/minimal/assets/images/backgrounds/3.jpg]
[tattek.sk/minimal/assets/js/vendor/colorpicker/css/bootstrap-colorpicker.css]
[tattek.sk/minimal/form-elements.html]
[tattek.sk/minimal/validation-elements.html]
[tattek.sk/minimal/assets/js/vendor/wizard/jquery.bootstrap.wizard.min.js]
[tattek.sk/minimal/assets/js/vendor/colorpicker/bootstrap-colorpicker.min.js]
[tattek.sk/minimal/form-wizard.html]
[tattek.sk/minimal/assets/css/vendor/animate/animate.css]
[tattek.sk/minimal/assets/js/vendor/jgrowl/css/jquery.jgrowl.min.css]
[tattek.sk/minimal/assets/js/vendor/typeahead/css/typeahead.js-bootstrap.css]
[tattek.sk/minimal/assets/js/vendor/datepicker/css/bootstrap-datetimepicker.css]
[tattek.sk/minimal/assets/js/vendor/no-ui-slider/css/jquery.nouislider.min.css]
[tattek.sk/minimal/assets/js/vendor/modals/css/component.css]
[tattek.sk/minimal/assets/js/vendor/nestable/css/style.css]
[tattek.sk/minimal/assets/js/vendor/datatables/images/datatables/sort_both.png]
[tattek.sk/minimal/assets/js/vendor/datatables/images/datatables/sort_asc.png]
[tattek.sk/minimal/assets/js/vendor/datatables/images/datatables/sort_desc.png]
[tattek.sk/minimal/assets/js/vendor/datatables/images/datatables/sort_asc_disabled.png]
[tattek.sk/minimal/assets/js/vendor/datatables/images/datatables/sort_desc_disabled.png]
[tattek.sk/minimal/assets/js/vendor/datatables/css/dataTables.bootstrap.css]
[tattek.sk/minimal/assets/js/vendor/datatables/css/ColVis.css]
[tattek.sk/minimal/assets/js/vendor/datatables/css/TableTools.css]
[tattek.sk/minimal/assets/js/vendor/fullcalendar/fullcalendar.css]
[tattek.sk/minimal/assets/js/vendor/colorpalette/bootstrap-colorpalette.css]
[tattek.sk/minimal/assets/js/vendor/superbox/img/close.gif]
[tattek.sk/minimal/assets/js/vendor/superbox/css/style.css]
[tattek.sk/minimal/assets/js/vendor/colorbox/css/images/loading_background.png]
[tattek.sk/minimal/assets/js/vendor/colorbox/css/images/loading.gif]
[tattek.sk/minimal/assets/js/vendor/colorbox/css/images/controls.png]
[tattek.sk/minimal/assets/js/vendor/colorbox/css/colorbox.css]
[tattek.sk/minimal/all.html]
[tattek.sk/minimal/document.html]
[tattek.sk/minimal/audio.html]
[tattek.sk/minimal/image.html]
[tattek.sk/minimal/video.html]
[tattek.sk/minimal/assets/images/carousel/carousel1.jpg]
[tattek.sk/minimal/assets/js/vendor/owl-carousel/css/owl.carousel.css]
[tattek.sk/minimal/assets/js/vendor/owl-carousel/css/owl.theme.css]
[tattek.sk/minimal/assets/js/vendor/fullcalendar/fullcalendar.min.js]
[tattek.sk/minimal/frontpage/assets/css/vendor/bootstrap/bootstrap.min.css]
[netdna.bootstrapcdn.com/font-awesome/4.1.0/css/font-awesome.min.css]
[tattek.sk/minimal/frontpage/assets/css/vendor/animate/animate.css]
[tattek.sk/minimal/frontpage/assets/css/vendor/bootstrap-checkbox.css]
[tattek.sk/minimal/frontpage/assets/js/vendor/text-rotator/css/simpletextrotator.css]
[tattek.sk/minimal/frontpage/assets/js/vendor/owl-carousel/css/grabbing.png]
[tattek.sk/minimal/frontpage/assets/js/vendor/owl-carousel/css/owl.carousel.css]
[tattek.sk/minimal/frontpage/assets/js/vendor/owl-carousel/css/AjaxLoader.gif]
[tattek.sk/minimal/frontpage/assets/js/vendor/owl-carousel/css/owl.theme.css]
[tattek.sk/minimal/frontpage/assets/js/vendor/owl-carousel/css/owl.transitions.css]
[tattek.sk/minimal/frontpage/assets/js/vendor/nivo-lightbox/css/nivo-lightbox.css]
[tattek.sk/minimal/frontpage/assets/js/vendor/nivo-lightbox/css/themes/default/prev.png]
[tattek.sk/minimal/frontpage/assets/js/vendor/nivo-lightbox/css/themes/default/next.png]
[tattek.sk/minimal/frontpage/assets/js/vendor/nivo-lightbox/css/themes/default/close.png]
[tattek.sk/minimal/frontpage/assets/js/vendor/nivo-lightbox/css/themes/default/loading@2x.gif]
[tattek.sk/minimal/frontpage/assets/js/vendor/nivo-lightbox/css/themes/default/prev@2x.png]
[tattek.sk/minimal/frontpage/assets/js/vendor/nivo-lightbox/css/themes/default/next@2x.png]
[tattek.sk/minimal/frontpage/assets/js/vendor/nivo-lightbox/css/themes/default/close@2x.png]
[tattek.sk/minimal/frontpage/assets/js/vendor/nivo-lightbox/css/themes/default/default.css]
[tattek.sk/minimal/frontpage/assets/css/minimal.min.css]
[tattek.sk/minimal/frontpage/assets/images/clients/random-avatar1.jpg]
[tattek.sk/minimal/frontpage/assets/images/clients/random-avatar2.jpg]
[tattek.sk/minimal/frontpage/assets/images/clients/random-avatar5.jpg]
[tattek.sk/minimal/frontpage/assets/images/clients/random-avatar6.jpg]
[tattek.sk/minimal/frontpage/about.html]
[tattek.sk/minimal/frontpage/prices.html]
[tattek.sk/minimal/frontpage/assets/css/vendor/ribbons/3d-corner-ribbons.css]
[tattek.sk/minimal/frontpage/assets/images/mockup.png]
[tattek.sk/minimal/frontpage/services.html]
[tattek.sk/minimal/frontpage/faq.html]
[tattek.sk/minimal/frontpage/assets/images/gallery/1.jpg]
[tattek.sk/minimal/frontpage/assets/images/gallery/2.jpg]
[tattek.sk/minimal/frontpage/assets/images/gallery/4.jpg]
[tattek.sk/minimal/frontpage/assets/images/gallery/6.jpg]
[tattek.sk/minimal/frontpage/assets/images/gallery/7.jpg]
[tattek.sk/minimal/frontpage/assets/images/gallery/8.jpg]
[tattek.sk/minimal/frontpage/assets/images/gallery/10.jpg]
[tattek.sk/minimal/frontpage/assets/images/gallery/12.jpg]
[tattek.sk/minimal/frontpage/assets/images/gallery/13.jpg]
[tattek.sk/minimal/frontpage/assets/images/gallery/14.jpg]
[tattek.sk/minimal/frontpage/assets/images/gallery/16.jpg]
[tattek.sk/minimal/frontpage/assets/images/gallery/17.jpg]
[tattek.sk/minimal/frontpage/assets/images/gallery/19.jpg]
[tattek.sk/minimal/frontpage/gallery.html]
[tattek.sk/minimal/frontpage/login.html]
[tattek.sk/minimal/frontpage/signup.html]
[tattek.sk/minimal/frontpage/page-404.html]
[tattek.sk/minimal/frontpage/page-500.html]
[tattek.sk/minimal/frontpage/search-results.html]
[tattek.sk/minimal/frontpage/contacts.html]
[tattek.sk/minimal/frontpage/portfolio-4.html]
[tattek.sk/minimal/frontpage/portfolio-3.html]
[tattek.sk/minimal/frontpage/portfolio-2.html]
[tattek.sk/minimal/frontpage/blog.html]
[tattek.sk/minimal/frontpage/blog-item.html]
[tattek.sk/minimal/frontpage/assets/images/projects/thumbs/minimal.jpg]
[tattek.sk/minimal/frontpage/assets/js/vendor/mixitup/jquery.mixitup.js]
[tattek.sk/minimal/assets/js/vendor/datatables/colvis/dataTables.ColVis.min.html]
[tattek.sk/minimal/assets/js/vendor/jvectormaps/css/jquery-jvectormap-1.2.2.css]
[tattek.sk/minimal/assets/js/vendor/jvectormaps/addons/mall-map.js]
[google-maps-icons.googlecode.com/files/home.html]
[google-maps-icons.googlecode.com/files/girlfriend.html]
[google-maps-icons.googlecode.com/files/dates.html]
[google-maps-icons.googlecode.com/files/realestate.html]
[google-maps-icons.googlecode.com/files/apartment.html]
[tattek.sk/minimal/assets/js/vendor/flipclock/css/flipclock.css]
[blueimp.github.io/Gallery/img/loading.gif]
[tattek.sk/minimal/assets/js/vendor/gmaps/markerclusterer.min.js]
[blueimp.github.io/Gallery/img/error.png]
[blueimp.github.io/Gallery/img/play-pause.png]
[blueimp.github.io/Gallery/css/blueimp-gallery.min.css]
[blueimp.github.io/Gallery/img/video-play.png]
[tattek.sk/minimal/assets/js/vendor/jvectormaps/addons/jquery-jvectormap-fr-merc-en.js]
[tattek.sk/minimal/assets/js/vendor/jquery-file-upload/css/jquery.fileupload.css]
[tattek.sk/minimal/assets/js/vendor/jquery-file-upload/img/progressbar.gif]
[tattek.sk/minimal/assets/js/vendor/jquery-file-upload/img/loading.gif]
[tattek.sk/minimal/assets/js/vendor/jquery-file-upload/css/jquery.fileupload-ui.css]
[tattek.sk/minimal/assets/js/vendor/jquery-file-upload/css/jquery.fileupload-noscript.css]
[tattek.sk/minimal/assets/js/vendor/jquery-file-upload/css/jquery.fileupload-ui-noscript.css]
[blueimp.github.io/JavaScript-Load-Image/js/load-image.min.html]
[tattek.sk/minimal/assets/js/vendor/summernote/fonts/glyphicons-halflings-regular.eot]
[tattek.sk/minimal/assets/images/bootstrap-colorpicker/saturation.png]
[tattek.sk/minimal/assets/js/minimal.min.js]
[tattek.sk/minimal/assets/js/vendor/bootstrap/bootstrap.min.js]
[tattek.sk/minimal/assets/images/bootstrap-colorpicker/hue.png]
[tattek.sk/minimal/assets/images/bootstrap-colorpicker/alpha.png]
[tattek.sk/minimal/assets/images/bootstrap-colorpicker/hue-horizontal.png]
[tattek.sk/minimal/assets/js/vendor/colorpicker/css/bootstrap-colorpicker.css]
[tattek.sk/minimal/assets/js/vendor/datatables/images/collection.html]
[tattek.sk/minimal/assets/js/vendor/datatables/images/collection_hover.html]
[tattek.sk/minimal/assets/js/vendor/datatables/images/background.html]
[tattek.sk/minimal/assets/images/bootstrap-colorpicker/alpha-horizontal.png]
[tattek.sk/minimal/assets/js/vendor/owl-carousel/css/owl.carousel.css]
[tattek.sk/minimal/assets/js/vendor/owl-carousel/css/AjaxLoader.html]
[tattek.sk/minimal/frontpage/assets/css/vendor/fonts/glyphicons-halflings-regular.html]
[tattek.sk/minimal/frontpage/assets/css/vendor/fonts/glyphicons-halflings-regulard41d.html]
[tattek.sk/minimal/frontpage/assets/css/vendor/fonts/glyphicons-halflings-regular-2.html]
[tattek.sk/minimal/frontpage/assets/css/vendor/fonts/glyphicons-halflings-regular-3.html]
[tattek.sk/minimal/frontpage/assets/css/vendor/fonts/glyphicons-halflings-regular-4.html]
[tattek.sk/minimal/frontpage/assets/js/vendor/nivo-lightbox/css/themes/default/loading.gif]
[tattek.sk/minimal/frontpage/assets/images/clients/random-avatar3.jpg]
[tattek.sk/minimal/frontpage/assets/images/clients/random-avatar4.jpg]
[tattek.sk/minimal/frontpage/assets/images/clients/random-avatar7.jpg]
[tattek.sk/minimal/frontpage/assets/images/clients/random-avatar8.jpg]
[tattek.sk/minimal/frontpage/assets/css/vendor/ribbons/3d-corner-ribbons.css]
[tattek.sk/minimal/frontpage/assets/images/gallery/5.jpg]
[tattek.sk/minimal/frontpage/assets/images/gallery/11.jpg]
[tattek.sk/minimal/frontpage/assets/images/gallery/18.jpg]
[tattek.sk/minimal/frontpage/assets/images/projects/thumbs/minoral.jpg]
[tattek.sk/minimal/assets/js/vendor/jquery-file-upload/css/jquery.fileupload.css]
[tattek.sk/minimal/assets/js/vendor/owl-carousel/css/grabbing.html]
[tattek.sk/minimal/frontpage/assets/images/gallery/3.jpg]
[tattek.sk/minimal/frontpage/assets/images/gallery/9.jpg]
[tattek.sk/minimal/frontpage/assets/images/gallery/15.jpg]
[tattek.sk/minimal/frontpage/assets/images/gallery/20.jpg]
